ERROR    eawag.datapool  JULIA: MethodError: First argument to `convert` must be a Type, got <tmpdir_from_tempfile_module>/tests__data__failing_scripts__wrong_function_name_jl/raw_data_1.txt
ERROR    eawag.datapool  JULIA: 
running script failed. exit_code is 1.
