ERROR    eawag.datapool  JULIA: UndefVarError: wrong_module_name not defined
ERROR    eawag.datapool  JULIA: 
running script failed. exit_code is 1.
