ERROR    eawag.datapool  JULIA: BoundsError: attempt to access 10Ã—5 Array{Any,2} at index [100,1]
ERROR    eawag.datapool  JULIA:  in getindex(::Array{Any,2}, ::Int64, ::Int64) at array.jl:387
ERROR    eawag.datapool  JULIA:  in convert(::String, ::String) at conversion_exceeds_dimensions.jl:20
ERROR    eawag.datapool  JULIA: 
running script failed. exit_code is 1.
