ERROR    eawag.datapool  JULIA: UndefVarError: b not defined
ERROR    eawag.datapool  JULIA:  in macro expansion; at none:4 [inlined]
ERROR    eawag.datapool  JULIA: 
